../Inc/core_cm0.h:623:22:__NVIC_EnableIRQ	2
../Inc/core_cm0.h:730:22:__NVIC_SetPriority	2
../Src/main.c:88:5:main	3
../Src/main.c:161:6:Boton_Seguridad_Init	1
../Src/main.c:193:6:EXTI4_15_IRQHandler	2
../Src/main.c:204:6:sensores_init	1
../Src/main.c:212:6:calcular_velocidades	8
../Src/main.c:254:6:System_Ready_Indicator	1
../Src/main.c:263:6:USART2_Init_Interrupt	1
../Src/main.c:294:6:USART2_IRQHandler	5
../Src/main.c:310:6:USART2_HandleMessage	1
../Src/main.c:326:6:USART2_SendChar	2
../Src/main.c:331:6:USART2_SendString	2
../Src/main.c:335:6:USART2_SendFloat	4
../Src/main.c:363:6:delay_ms	2
../Src/main.c:383:5:atoi	9
../Src/main.c:420:7:itoa	8
../Src/main.c:466:7:atof	12
../Src/main.c:522:5:strncmp	4
../Src/main.c:531:9:parseCSV	20
../Src/main.c:592:9:arrayToArrayIntOrFloat	3
../Src/main.c:618:6:decideDir	11
