../Inc/core_cm0.h:623:22:__NVIC_EnableIRQ	16	static
../Inc/core_cm0.h:730:22:__NVIC_SetPriority	24	static
../Src/main.c:88:5:main	216	static
../Src/main.c:161:6:Boton_Seguridad_Init	8	static
../Src/main.c:193:6:EXTI4_15_IRQHandler	16	static
../Src/main.c:204:6:sensores_init	8	static
../Src/main.c:212:6:calcular_velocidades	96	static
../Src/main.c:254:6:System_Ready_Indicator	8	static
../Src/main.c:263:6:USART2_Init_Interrupt	8	static
../Src/main.c:294:6:USART2_IRQHandler	16	static
../Src/main.c:310:6:USART2_HandleMessage	40	static
../Src/main.c:326:6:USART2_SendChar	16	static
../Src/main.c:331:6:USART2_SendString	16	static
../Src/main.c:335:6:USART2_SendFloat	48	static
../Src/main.c:363:6:delay_ms	16	static
../Src/main.c:383:5:atoi	32	static
../Src/main.c:420:7:itoa	48	static
../Src/main.c:466:7:atof	40	static
../Src/main.c:522:5:strncmp	24	static
../Src/main.c:531:9:parseCSV	40	static
../Src/main.c:592:9:arrayToArrayIntOrFloat	40	static
../Src/main.c:618:6:decideDir	48	static
