../Inc/core_cm0.h:623:22:__NVIC_EnableIRQ	16	static
../Inc/core_cm0.h:730:22:__NVIC_SetPriority	24	static
../Src/main.c:69:5:main	40	static
../Src/main.c:88:6:System_Ready_Indicator	16	static
../Src/main.c:102:6:LED_Init	8	static
../Src/main.c:116:6:USART1_Init_Interrupt	8	static
../Src/main.c:147:6:USART1_IRQHandler	16	static
../Src/main.c:165:6:USART1_HandleMessage	24	static
../Src/main.c:178:6:USART1_SendChar	16	static
../Src/main.c:183:6:USART1_SendString	16	static
../Src/main.c:187:6:USART1_SendFloat	48	static
../Src/main.c:215:6:delay_ms	16	static
../Src/main.c:235:5:atoi	32	static
../Src/main.c:272:7:itoa	48	static
../Src/main.c:318:7:atof	40	static
../Src/main.c:374:5:strncmp	24	static
../Src/main.c:383:9:parseCSV	40	static
../Src/main.c:444:9:arrayToArrayIntOrFloat	40	static
../Src/main.c:468:6:decideNegPos	24	static
